Dec  1 04:12:01 ovzhost CRON[3473]: pam_unix(cron:session): session closed for user root
Dec  1 04:12:14 ovzhost snoopy[3564]: [uid:0 sid:3564 tty: cwd:/ filename:/usr/sbin/sshd]: /usr/sbin/sshd -R 
Dec  1 04:12:16 ovzhost sshd[3564]: Address 117.1.78.75 maps to localhost, but this does not map back to the address - POSSIBLE BREAK-IN ATTEMPT!
Dec  1 04:12:16 ovzhost sshd[3564]: Accepted password for admin from 117.1.78.75 port 41727 ssh2
Dec  1 04:12:16 ovzhost sshd[3564]: pam_unix(sshd:session): session opened for user admin by (uid=0)
Dec  1 04:12:16 ovzhost snoopy[3567]: [uid:0 sid:3567 tty: cwd:/ filename:/usr/sbin/sshd]: /usr/sbin/sshd -R 
Dec  1 04:12:18 ovzhost snoopy[3569]: [uid:0 sid:3569 tty: cwd:/ filename:/usr/sbin/sshd]: /usr/sbin/sshd -R 
Dec  1 04:12:18 ovzhost sshd[3567]: Address 14.226.91.0 maps to static.vnpt.vn, but this does not map back to the address - POSSIBLE BREAK-IN ATTEMPT!
Dec  1 04:12:19 ovzhost sshd[3567]: Accepted password for admin from 14.226.91.0 port 63993 ssh2
Dec  1 04:12:19 ovzhost sshd[3567]: pam_unix(sshd:session): session opened for user admin by (uid=0)
Dec  1 04:12:21 ovzhost sshd[3569]: Address 14.226.91.0 maps to static.vnpt.vn, but this does not map back to the address - POSSIBLE BREAK-IN ATTEMPT!
Dec  1 04:12:21 ovzhost sshd[3569]: Accepted password for admin from 14.226.91.0 port 63999 ssh2
Dec  1 04:12:21 ovzhost sshd[3569]: pam_unix(sshd:session): session opened for user admin by (uid=0)
Dec  1 04:12:23 ovzhost snoopy[3573]: [uid:0 sid:3573 tty: cwd:/ filename:/usr/sbin/sshd]: /usr/sbin/sshd -R 
Dec  1 04:12:29 ovzhost sshd[3573]: Accepted password for admin from 116.103.48.217 port 54465 ssh2
Dec  1 04:12:29 ovzhost sshd[3573]: pam_unix(sshd:session): session opened for user admin by (uid=0)
Dec  1 04:12:38 ovzhost sshd[3567]: pam_unix(sshd:session): session closed for user admin
Dec  1 04:12:40 ovzhost sshd[3569]: pam_unix(sshd:session): session closed for user admin
Dec  1 04:12:42 ovzhost snoopy[3576]: [uid:0 sid:3576 tty: cwd:/ filename:/usr/sbin/sshd]: /usr/sbin/sshd -R 
Dec  1 04:12:43 ovzhost sshd[3576]: Address 117.7.228.19 maps to localhost, but this does not map back to the address - POSSIBLE BREAK-IN ATTEMPT!
Dec  1 04:12:44 ovzhost sshd[3576]: Accepted password for admin from 117.7.228.19 port 31073 ssh2
Dec  1 04:12:44 ovzhost sshd[3576]: pam_unix(sshd:session): session opened for user admin by (uid=0)
Dec  1 04:13:07 ovzhost sshd[3575]: error: connect_to frojogames.me: unknown host (Name or service not known)
Dec  1 04:13:12 ovzhost sshd[3576]: pam_unix(sshd:session): session closed for user admin
Dec  1 04:13:13 ovzhost sshd[3573]: pam_unix(sshd:session): session closed for user admin
Dec  1 04:13:27 ovzhost snoopy[3579]: [uid:0 sid:3579 tty: cwd:/ filename:/usr/sbin/sshd]: /usr/sbin/sshd -R 
Dec  1 04:13:28 ovzhost sshd[3454]: error: connect_to 127.0.0.1 port 2861: failed.
Dec  1 04:13:29 ovzhost sshd[3454]: error: connect_to 127.0.0.1 port 2871: failed.
Dec  1 04:13:30 ovzhost sshd[3454]: error: connect_to 127.0.0.1 port 2861: failed.
Dec  1 04:13:31 ovzhost sshd[3454]: error: connect_to 127.0.0.1 port 2871: failed.
Dec  1 04:13:33 ovzhost sshd[3454]: error: connect_to 127.0.0.1 port 2871: failed.
Dec  1 04:13:34 ovzhost sshd[3454]: error: connect_to 127.0.0.1 port 2871: failed.
Dec  1 04:13:35 ovzhost sshd[3579]: Accepted password for admin from 116.100.112.241 port 49718 ssh2
Dec  1 04:13:35 ovzhost sshd[3579]: pam_unix(sshd:session): session opened for user admin by (uid=0)
Dec  1 04:13:35 ovzhost sshd[3454]: error: connect_to 127.0.0.1 port 2871: failed.
Dec  1 04:13:37 ovzhost sshd[3454]: error: connect_to 127.0.0.1 port 2871: failed.
Dec  1 04:13:38 ovzhost sshd[3454]: error: connect_to 127.0.0.1 port 2871: failed.
Dec  1 04:13:40 ovzhost sshd[3454]: error: connect_to 127.0.0.1 port 2871: failed.
Dec  1 04:13:42 ovzhost sshd[3454]: error: connect_to 127.0.0.1 port 2871: failed.
Dec  1 04:13:43 ovzhost sshd[3581]: Received disconnect from 116.100.112.241: 0: 
Dec  1 04:13:43 ovzhost sshd[3579]: pam_unix(sshd:session): session closed for user admin
Dec  1 04:13:43 ovzhost sshd[3454]: error: connect_to 127.0.0.1 port 2871: failed.
Dec  1 04:13:45 ovzhost sshd[3454]: error: connect_to 127.0.0.1 port 2871: failed.
Dec  1 04:13:46 ovzhost sshd[3454]: error: connect_to 127.0.0.1 port 2871: failed.
Dec  1 04:13:51 ovzhost sshd[3454]: error: connect_to 127.0.0.1 port 2871: failed.
Dec  1 04:13:56 ovzhost sshd[3454]: error: connect_to 127.0.0.1 port 2871: failed.
Dec  1 04:14:01 ovzhost sshd[3454]: error: connect_to 127.0.0.1 port 2871: failed.
Dec  1 04:14:04 ovzhost snoopy[3582]: [uid:0 sid:3582 tty: cwd:/ filename:/usr/sbin/sshd]: /usr/sbin/sshd -R 
Dec  1 04:14:05 ovzhost sshd[3582]: Accepted password for admin from 204.12.195.237 port 65358 ssh2
Dec  1 04:14:05 ovzhost sshd[3582]: pam_unix(sshd:session): session opened for user admin by (uid=0)
Dec  1 04:14:06 ovzhost sshd[3454]: error: connect_to 127.0.0.1 port 2871: failed.
Dec  1 04:14:11 ovzhost sshd[3454]: error: connect_to 127.0.0.1 port 2871: failed.
Dec  1 04:14:13 ovzhost snoopy[3585]: [uid:0 sid:3585 tty: cwd:/ filename:/usr/sbin/sshd]: /usr/sbin/sshd -R 
Dec  1 04:14:15 ovzhost sshd[3585]: Accepted password for admin from 116.100.112.241 port 52350 ssh2
Dec  1 04:14:15 ovzhost sshd[3585]: pam_unix(sshd:session): session opened for user admin by (uid=0)
Dec  1 04:14:16 ovzhost sshd[3454]: error: connect_to 127.0.0.1 port 2871: failed.
Dec  1 04:14:21 ovzhost sshd[3454]: error: connect_to 127.0.0.1 port 2871: failed.
Dec  1 04:14:26 ovzhost sshd[3454]: error: connect_to 127.0.0.1 port 2871: failed.
Dec  1 04:14:30 ovzhost sshd[3582]: pam_unix(sshd:session): session closed for user admin
Dec  1 04:14:31 ovzhost sshd[3454]: error: connect_to 127.0.0.1 port 2871: failed.
Dec  1 04:14:36 ovzhost sshd[3454]: error: connect_to 127.0.0.1 port 2871: failed.
Dec  1 04:14:41 ovzhost sshd[3454]: error: connect_to 127.0.0.1 port 2871: failed.
Dec  1 04:14:49 ovzhost snoopy[3588]: [uid:0 sid:3588 tty: cwd:/ filename:/usr/sbin/sshd]: /usr/sbin/sshd -R 
Dec  1 04:15:06 ovzhost sshd[3588]: reverse mapping checking getaddrinfo for adsl.viettel.vn [115.77.125.27] failed - POSSIBLE BREAK-IN ATTEMPT!
Dec  1 04:15:06 ovzhost sshd[3588]: Accepted password for admin from 115.77.125.27 port 57665 ssh2
Dec  1 04:15:06 ovzhost sshd[3588]: pam_unix(sshd:session): session opened for user admin by (uid=0)
Dec  1 04:15:06 ovzhost sshd[3588]: pam_unix(sshd:session): session closed for user admin
Dec  1 04:15:13 ovzhost snoopy[3591]: [uid:0 sid:3591 tty: cwd:/ filename:/usr/sbin/sshd]: /usr/sbin/sshd -R 
Dec  1 04:15:21 ovzhost sshd[3591]: Accepted password for admin from 1.52.239.177 port 56378 ssh2
Dec  1 04:15:21 ovzhost sshd[3591]: pam_unix(sshd:session): session opened for user admin by (uid=0)
Dec  1 04:15:22 ovzhost sshd[3593]: Received disconnect from 1.52.239.177: 0: 
Dec  1 04:15:22 ovzhost sshd[3591]: pam_unix(sshd:session): session closed for user admin
Dec  1 04:15:23 ovzhost sshd[3585]: pam_unix(sshd:session): session closed for user admin
Dec  1 04:15:33 ovzhost snoopy[3594]: [uid:0 sid:3594 tty: cwd:/ filename:/usr/sbin/sshd]: /usr/sbin/sshd -R 
Dec  1 04:15:44 ovzhost sshd[3594]: Accepted password for admin from 115.77.125.27 port 55658 ssh2
Dec  1 04:15:44 ovzhost sshd[3594]: pam_unix(sshd:session): session opened for user admin by (uid=0)
Dec  1 04:15:44 ovzhost sshd[3594]: pam_unix(sshd:session): session closed for user admin
Dec  1 04:15:46 ovzhost snoopy[3597]: [uid:0 sid:3597 tty: cwd:/ filename:/usr/sbin/sshd]: /usr/sbin/sshd -R 
Dec  1 04:15:48 ovzhost snoopy[3599]: [uid:0 sid:3599 tty: cwd:/ filename:/usr/sbin/sshd]: /usr/sbin/sshd -R 
Dec  1 04:15:50 ovzhost sshd[3599]: reverse mapping checking getaddrinfo for adsl.viettel.vn [115.77.125.27] failed - POSSIBLE BREAK-IN ATTEMPT!
Dec  1 04:15:50 ovzhost sshd[3599]: Accepted password for admin from 115.77.125.27 port 58955 ssh2
Dec  1 04:15:50 ovzhost sshd[3599]: pam_unix(sshd:session): session opened for user admin by (uid=0)
Dec  1 04:15:56 ovzhost sshd[3597]: Accepted password for admin from 204.12.195.237 port 57419 ssh2
Dec  1 04:15:56 ovzhost sshd[3597]: pam_unix(sshd:session): session opened for user admin by (uid=0)
Dec  1 04:16:00 ovzhost sshd[3472]: Received disconnect from 116.103.48.217: 0: 
Dec  1 04:16:00 ovzhost sshd[3470]: pam_unix(sshd:session): session closed for user admin
Dec  1 04:16:04 ovzhost snoopy[3603]: [uid:0 sid:3603 tty: cwd:/ filename:/usr/sbin/sshd]: /usr/sbin/sshd -R 
Dec  1 04:16:05 ovzhost sshd[3299]: pam_unix(sshd:session): session closed for user admin
Dec  1 04:16:05 ovzhost sshd[3452]: pam_unix(sshd:session): session closed for user admin
Dec  1 04:16:12 ovzhost sshd[3603]: reverse mapping checking getaddrinfo for adsl.viettel.vn [115.77.125.27] failed - POSSIBLE BREAK-IN ATTEMPT!
Dec  1 04:16:12 ovzhost sshd[3603]: Accepted password for admin from 115.77.125.27 port 65087 ssh2
Dec  1 04:16:12 ovzhost sshd[3603]: pam_unix(sshd:session): session opened for user admin by (uid=0)
Dec  1 04:16:19 ovzhost snoopy[3606]: [uid:0 sid:3606 tty: cwd:/ filename:/usr/sbin/sshd]: /usr/sbin/sshd -R 
Dec  1 04:16:21 ovzhost sshd[3606]: reverse mapping checking getaddrinfo for adsl.viettel.vn [115.77.125.27] failed - POSSIBLE BREAK-IN ATTEMPT!
Dec  1 04:16:21 ovzhost sshd[3606]: Accepted password for admin from 115.77.125.27 port 55119 ssh2
Dec  1 04:16:21 ovzhost sshd[3606]: pam_unix(sshd:session): session opened for user admin by (uid=0)
Dec  1 04:16:25 ovzhost sshd[3602]: Received disconnect from 204.12.195.237: 11: Connection terminated by the client.
Dec  1 04:16:25 ovzhost sshd[3597]: pam_unix(sshd:session): session closed for user admin
Dec  1 04:16:28 ovzhost sshd[3566]: Received disconnect from 117.1.78.75: 0: 
Dec  1 04:16:28 ovzhost sshd[3564]: pam_unix(sshd:session): session closed for user admin
Dec  1 04:16:44 ovzhost snoopy[3609]: [uid:0 sid:3609 tty: cwd:/ filename:/usr/sbin/sshd]: /usr/sbin/sshd -R 
Dec  1 04:16:45 ovzhost sshd[3609]: Accepted password for admin from 204.12.195.237 port 62754 ssh2
Dec  1 04:16:45 ovzhost sshd[3609]: pam_unix(sshd:session): session opened for user admin by (uid=0)
Dec  1 04:16:54 ovzhost sshd[3379]: pam_unix(sshd:session): session closed for user admin
Dec  1 04:16:57 ovzhost snoopy[3612]: [uid:0 sid:3612 tty: cwd:/ filename:/usr/sbin/sshd]: /usr/sbin/sshd -R 
Dec  1 04:16:57 ovzhost snoopy[3613]: [uid:0 sid:3613 tty: cwd:/ filename:/usr/sbin/sshd]: /usr/sbin/sshd -R 
Dec  1 04:16:59 ovzhost sshd[3612]: Accepted password for admin from 116.103.48.217 port 27361 ssh2
Dec  1 04:16:59 ovzhost sshd[3612]: pam_unix(sshd:session): session opened for user admin by (uid=0)
Dec  1 04:16:59 ovzhost sshd[3613]: Accepted password for admin from 103.79.142.35 port 61420 ssh2
Dec  1 04:16:59 ovzhost sshd[3613]: pam_unix(sshd:session): session opened for user admin by (uid=0)
Dec  1 04:17:05 ovzhost sshd[3616]: Received disconnect from 116.103.48.217: 0: 
Dec  1 04:17:05 ovzhost sshd[3612]: pam_unix(sshd:session): session closed for user admin
Dec  1 04:17:11 ovzhost snoopy[3618]: [uid:0 sid:3618 tty: cwd:/ filename:/usr/sbin/sshd]: /usr/sbin/sshd -R 
Dec  1 04:17:13 ovzhost sshd[3618]: Accepted password for admin from 116.100.112.241 port 58700 ssh2
Dec  1 04:17:13 ovzhost sshd[3618]: pam_unix(sshd:session): session opened for user admin by (uid=0)
Dec  1 04:17:14 ovzhost sshd[3611]: error: connect to 2607:f8b0:4000:813::200e port 80 failed: Network is unreachable
Dec  1 04:17:15 ovzhost sshd[3611]: Received disconnect from 204.12.195.237: 11: Connection terminated by the client.
Dec  1 04:17:15 ovzhost sshd[3609]: pam_unix(sshd:session): session closed for user admin
Dec  1 04:17:16 ovzhost sshd[3613]: pam_unix(sshd:session): session closed for user admin
Dec  1 04:17:21 ovzhost sshd[3319]: pam_unix(sshd:session): session closed for user admin
Dec  1 04:17:37 ovzhost snoopy[3621]: [uid:0 sid:3621 tty: cwd:/ filename:/usr/sbin/sshd]: /usr/sbin/sshd -R 
Dec  1 04:17:37 ovzhost snoopy[3623]: [uid:0 sid:3623 tty: cwd:/ filename:/usr/sbin/sshd]: /usr/sbin/sshd -R 
Dec  1 04:17:38 ovzhost sshd[3621]: Accepted password for admin from 116.103.95.21 port 4993 ssh2
Dec  1 04:17:38 ovzhost sshd[3621]: pam_unix(sshd:session): session opened for user admin by (uid=0)
Dec  1 04:17:38 ovzhost snoopy[3626]: [uid:0 sid:3626 tty: cwd:/ filename:/usr/sbin/sshd]: /usr/sbin/sshd -R 
Dec  1 04:17:39 ovzhost sshd[3623]: Address 117.1.78.75 maps to localhost, but this does not map back to the address - POSSIBLE BREAK-IN ATTEMPT!
Dec  1 04:17:39 ovzhost sshd[3623]: Accepted password for admin from 117.1.78.75 port 12908 ssh2
Dec  1 04:17:39 ovzhost sshd[3623]: pam_unix(sshd:session): session opened for user admin by (uid=0)
Dec  1 04:17:39 ovzhost sshd[3626]: Accepted password for admin from 116.103.95.21 port 7489 ssh2
Dec  1 04:17:39 ovzhost sshd[3626]: pam_unix(sshd:session): session opened for user admin by (uid=0)
Dec  1 04:17:42 ovzhost sshd[3628]: Received disconnect from 117.1.78.75: 0: 
Dec  1 04:17:42 ovzhost sshd[3623]: pam_unix(sshd:session): session closed for user admin
Dec  1 04:17:43 ovzhost snoopy[3630]: [uid:0 sid:3630 tty: cwd:/ filename:/usr/sbin/sshd]: /usr/sbin/sshd -R 
Dec  1 04:17:44 ovzhost sshd[3308]: pam_unix(sshd:session): session closed for user admin
Dec  1 04:17:48 ovzhost snoopy[3632]: [uid:0 sid:3632 tty: cwd:/ filename:/usr/sbin/sshd]: /usr/sbin/sshd -R 
Dec  1 04:17:50 ovzhost sshd[3630]: Address 14.226.91.0 maps to static.vnpt.vn, but this does not map back to the address - POSSIBLE BREAK-IN ATTEMPT!
Dec  1 04:17:50 ovzhost sshd[3630]: Accepted password for admin from 14.226.91.0 port 53900 ssh2
Dec  1 04:17:50 ovzhost sshd[3630]: pam_unix(sshd:session): session opened for user admin by (uid=0)
Dec  1 04:17:56 ovzhost sshd[3632]: Accepted password for admin from 27.72.63.85 port 64444 ssh2
Dec  1 04:17:56 ovzhost sshd[3632]: pam_unix(sshd:session): session opened for user admin by (uid=0)
Dec  1 04:17:58 ovzhost sshd[3635]: Received disconnect from 27.72.63.85: 0: 
Dec  1 04:17:58 ovzhost sshd[3632]: pam_unix(sshd:session): session closed for user admin
Dec  1 04:18:00 ovzhost snoopy[3636]: [uid:0 sid:3636 tty: cwd:/ filename:/usr/sbin/sshd]: /usr/sbin/sshd -R 
Dec  1 04:18:04 ovzhost sshd[3625]: error: connect_to init.itunes.apple.com: unknown host (Name or service not known)
Dec  1 04:18:08 ovzhost sshd[3636]: Accepted password for admin from 116.100.112.241 port 60892 ssh2
Dec  1 04:18:08 ovzhost sshd[3636]: pam_unix(sshd:session): session opened for user admin by (uid=0)
Dec  1 04:18:09 ovzhost sshd[3630]: pam_unix(sshd:session): session closed for user admin
Dec  1 04:18:09 ovzhost sshd[3638]: Received disconnect from 116.100.112.241: 0: 
Dec  1 04:18:09 ovzhost sshd[3636]: pam_unix(sshd:session): session closed for user admin
Dec  1 04:18:19 ovzhost snoopy[3639]: [uid:0 sid:3639 tty: cwd:/ filename:/usr/sbin/sshd]: /usr/sbin/sshd -R 
Dec  1 04:18:29 ovzhost sshd[3625]: error: connect_to frojogames.me: unknown host (Name or service not known)
Dec  1 04:18:31 ovzhost sshd[1564]: error: connect_to 172.217.17.35 port 443: failed.
Dec  1 04:18:31 ovzhost sshd[1564]: channel_by_id: 0: bad id: channel free
Dec  1 04:18:31 ovzhost sshd[1564]: Disconnecting: Received oclose for nonexistent channel 0.
Dec  1 04:18:31 ovzhost sshd[1562]: pam_unix(sshd:session): session closed for user admin
Dec  1 04:18:31 ovzhost snoopy[3641]: [uid:0 sid:3641 tty: cwd:/ filename:/usr/sbin/sshd]: /usr/sbin/sshd -R 
Dec  1 04:18:37 ovzhost snoopy[3643]: [uid:0 sid:3643 tty: cwd:/ filename:/usr/sbin/sshd]: /usr/sbin/sshd -R 
Dec  1 04:18:43 ovzhost snoopy[3645]: [uid:0 sid:3645 tty: cwd:/ filename:/usr/sbin/sshd]: /usr/sbin/sshd -R 
Dec  1 04:18:45 ovzhost sshd[3643]: Accepted password for admin from 116.100.112.241 port 62506 ssh2
Dec  1 04:18:45 ovzhost sshd[3643]: pam_unix(sshd:session): session opened for user admin by (uid=0)
Dec  1 04:18:50 ovzhost sshd[3645]: Accepted password for admin from 171.234.233.165 port 50414 ssh2
Dec  1 04:18:50 ovzhost sshd[3645]: pam_unix(sshd:session): session opened for user admin by (uid=0)
Dec  1 04:18:51 ovzhost sshd[3647]: Received disconnect from 116.100.112.241: 0: 
Dec  1 04:18:51 ovzhost sshd[3643]: pam_unix(sshd:session): session closed for user admin
Dec  1 04:18:52 ovzhost sshd[3641]: reverse mapping checking getaddrinfo for customer.worldstream.nl [194.88.106.146] failed - POSSIBLE BREAK-IN ATTEMPT!
Dec  1 04:18:52 ovzhost sshd[3641]: Accepted password for admin from 194.88.106.146 port 31855 ssh2
Dec  1 04:18:52 ovzhost sshd[3641]: pam_unix(sshd:session): session opened for user admin by (uid=0)
Dec  1 04:18:53 ovzhost sshd[3648]: Received disconnect from 171.234.233.165: 0: 
Dec  1 04:18:53 ovzhost sshd[3645]: pam_unix(sshd:session): session closed for user admin
Dec  1 04:18:56 ovzhost sshd[3626]: pam_unix(sshd:session): session closed for user admin
Dec  1 04:19:51 ovzhost snoopy[3650]: [uid:0 sid:3650 tty: cwd:/ filename:/usr/sbin/sshd]: /usr/sbin/sshd -R 
Dec  1 04:19:51 ovzhost sshd[3650]: Accepted password for admin from 192.99.14.8 port 52372 ssh2
Dec  1 04:19:51 ovzhost sshd[3650]: pam_unix(sshd:session): session opened for user admin by (uid=0)
Dec  1 04:20:15 ovzhost sshd[3621]: pam_unix(sshd:session): session closed for user admin
Dec  1 04:20:16 ovzhost snoopy[3653]: [uid:0 sid:3653 tty: cwd:/ filename:/usr/sbin/sshd]: /usr/sbin/sshd -R 
Dec  1 04:20:17 ovzhost sshd[3653]: Accepted password for admin from 94.23.2.112 port 50119 ssh2
Dec  1 04:20:17 ovzhost sshd[3653]: pam_unix(sshd:session): session opened for user admin by (uid=0)
Dec  1 04:20:28 ovzhost snoopy[3656]: [uid:0 sid:3656 tty: cwd:/ filename:/usr/sbin/sshd]: /usr/sbin/sshd -R 
Dec  1 04:20:28 ovzhost sshd[3656]: Accepted password for admin from 94.23.3.154 port 57600 ssh2
Dec  1 04:20:28 ovzhost sshd[3656]: pam_unix(sshd:session): session opened for user admin by (uid=0)
Dec  1 04:20:50 ovzhost snoopy[3659]: [uid:0 sid:3659 tty: cwd:/ filename:/usr/sbin/sshd]: /usr/sbin/sshd -R 
Dec  1 04:20:51 ovzhost snoopy[3661]: [uid:0 sid:3661 tty: cwd:/ filename:/usr/sbin/sshd]: /usr/sbin/sshd -R 
Dec  1 04:20:54 ovzhost sshd[3652]: error: connect_to 192.168.37.52 port 443: failed.
Dec  1 04:20:56 ovzhost sshd[3659]: Accepted password for admin from 94.23.2.81 port 52722 ssh2
Dec  1 04:20:56 ovzhost sshd[3659]: pam_unix(sshd:session): session opened for user admin by (uid=0)
Dec  1 04:20:56 ovzhost sshd[3661]: Accepted password for admin from 192.99.14.8 port 54707 ssh2
Dec  1 04:20:56 ovzhost sshd[3661]: pam_unix(sshd:session): session opened for user admin by (uid=0)
Dec  1 04:20:59 ovzhost sshd[3650]: pam_unix(sshd:session): session closed for user admin
Dec  1 04:21:07 ovzhost snoopy[3665]: [uid:0 sid:3665 tty: cwd:/ filename:/usr/sbin/sshd]: /usr/sbin/sshd -R 
Dec  1 04:21:08 ovzhost sshd[3656]: pam_unix(sshd:session): session closed for user admin
Dec  1 04:21:14 ovzhost snoopy[3667]: [uid:0 sid:3667 tty: cwd:/ filename:/usr/sbin/sshd]: /usr/sbin/sshd -R 
Dec  1 04:21:16 ovzhost snoopy[3669]: [uid:0 sid:3669 tty: cwd:/ filename:/usr/sbin/sshd]: /usr/sbin/sshd -R 
Dec  1 04:21:18 ovzhost sshd[3665]: Accepted password for admin from 27.72.63.85 port 51620 ssh2
Dec  1 04:21:18 ovzhost sshd[3665]: pam_unix(sshd:session): session opened for user admin by (uid=0)
Dec  1 04:21:20 ovzhost sshd[3667]: Accepted password for admin from 94.23.3.154 port 59372 ssh2
Dec  1 04:21:20 ovzhost sshd[3667]: pam_unix(sshd:session): session opened for user admin by (uid=0)
Dec  1 04:21:20 ovzhost snoopy[3673]: [uid:0 sid:3673 tty: cwd:/ filename:/usr/sbin/sshd]: /usr/sbin/sshd -R 
Dec  1 04:21:22 ovzhost sshd[3669]: Accepted password for admin from 94.23.13.223 port 55934 ssh2
Dec  1 04:21:22 ovzhost sshd[3669]: pam_unix(sshd:session): session opened for user admin by (uid=0)
Dec  1 04:21:24 ovzhost snoopy[3676]: [uid:0 sid:3676 tty: cwd:/ filename:/usr/sbin/sshd]: /usr/sbin/sshd -R 
Dec  1 04:21:25 ovzhost sshd[3676]: Accepted password for admin from 173.208.143.98 port 62713 ssh2
Dec  1 04:21:25 ovzhost sshd[3676]: pam_unix(sshd:session): session opened for user admin by (uid=0)
Dec  1 04:21:26 ovzhost sshd[3673]: Accepted password for admin from 158.69.26.41 port 59590 ssh2
Dec  1 04:21:26 ovzhost sshd[3673]: pam_unix(sshd:session): session opened for user admin by (uid=0)
Dec  1 04:21:29 ovzhost sshd[3620]: Received disconnect from 116.100.112.241: 0: 
Dec  1 04:21:29 ovzhost sshd[3618]: pam_unix(sshd:session): session closed for user admin
Dec  1 04:21:32 ovzhost snoopy[3680]: [uid:0 sid:3680 tty: cwd:/ filename:/usr/sbin/sshd]: /usr/sbin/sshd -R 
Dec  1 04:21:33 ovzhost snoopy[3682]: [uid:0 sid:3682 tty: cwd:/ filename:/usr/sbin/sshd]: /usr/sbin/sshd -R 
Dec  1 04:21:45 ovzhost sshd[3682]: reverse mapping checking getaddrinfo for adsl.viettel.vn [115.77.125.27] failed - POSSIBLE BREAK-IN ATTEMPT!
Dec  1 04:21:45 ovzhost sshd[3682]: Accepted password for admin from 115.77.125.27 port 52475 ssh2
Dec  1 04:21:45 ovzhost sshd[3682]: pam_unix(sshd:session): session opened for user admin by (uid=0)
Dec  1 04:21:45 ovzhost sshd[3682]: pam_unix(sshd:session): session closed for user admin
Dec  1 04:21:51 ovzhost sshd[3655]: error: connect_to 192.168.53.134 port 443: failed.
Dec  1 04:22:00 ovzhost snoopy[3685]: [uid:0 sid:3685 tty: cwd:/ filename:/usr/sbin/sshd]: /usr/sbin/sshd -R 
Dec  1 04:22:01 ovzhost sshd[3680]: fatal: Read from socket failed: Connection reset by peer [preauth]
Dec  1 04:22:01 ovzhost sshd[3655]: error: connect_to 192.168.53.134 port 443: failed.
Dec  1 04:22:03 ovzhost sshd[3661]: pam_unix(sshd:session): session closed for user admin
Dec  1 04:22:06 ovzhost sshd[3659]: pam_unix(sshd:session): session closed for user admin
Dec  1 04:22:07 ovzhost sshd[3685]: Accepted password for admin from 116.100.112.241 port 55438 ssh2
Dec  1 04:22:07 ovzhost sshd[3685]: pam_unix(sshd:session): session opened for user admin by (uid=0)
Dec  1 04:22:11 ovzhost sshd[3655]: error: connect_to 192.168.53.134 port 443: failed.
Dec  1 04:22:18 ovzhost sshd[3671]: fatal: Write failed: Connection reset by peer
Dec  1 04:22:18 ovzhost sshd[3665]: pam_unix(sshd:session): session closed for user admin
Dec  1 04:22:21 ovzhost sshd[3655]: error: connect_to 192.168.53.134 port 443: failed.
Dec  1 04:22:22 ovzhost sshd[3669]: pam_unix(sshd:session): session closed for user admin
Dec  1 04:22:26 ovzhost sshd[3667]: pam_unix(sshd:session): session closed for user admin
Dec  1 04:22:27 ovzhost snoopy[3688]: [uid:0 sid:3688 tty: cwd:/ filename:/usr/sbin/sshd]: /usr/sbin/sshd -R 
Dec  1 04:22:29 ovzhost sshd[3679]: error: connect_to 192.168.1.17 port 443: failed.
Dec  1 04:22:31 ovzhost sshd[3655]: error: connect_to 192.168.53.134 port 443: failed.
Dec  1 04:22:33 ovzhost sshd[3688]: Accepted password for admin from 117.4.240.160 port 50145 ssh2
Dec  1 04:22:33 ovzhost sshd[3688]: pam_unix(sshd:session): session opened for user admin by (uid=0)
Dec  1 04:22:34 ovzhost snoopy[3691]: [uid:0 sid:3691 tty: cwd:/ filename:/usr/sbin/sshd]: /usr/sbin/sshd -R 
Dec  1 04:22:39 ovzhost sshd[3679]: error: connect_to 192.168.1.17 port 443: failed.
Dec  1 04:22:41 ovzhost sshd[3655]: error: connect_to 192.168.53.134 port 443: failed.
Dec  1 04:22:44 ovzhost sshd[3679]: error: connect_to 192.168.1.17 port 443: failed.
Dec  1 04:22:44 ovzhost snoopy[3693]: [uid:0 sid:3693 tty: cwd:/ filename:/usr/sbin/sshd]: /usr/sbin/sshd -R 
Dec  1 04:22:45 ovzhost sshd[3691]: reverse mapping checking getaddrinfo for adsl.viettel.vn [115.77.125.27] failed - POSSIBLE BREAK-IN ATTEMPT!
Dec  1 04:22:45 ovzhost sshd[3691]: Accepted password for admin from 115.77.125.27 port 49658 ssh2
Dec  1 04:22:45 ovzhost sshd[3691]: pam_unix(sshd:session): session opened for user admin by (uid=0)
Dec  1 04:22:48 ovzhost sshd[3678]: error: connect_to 104.31.11.162 port 443: failed.
Dec  1 04:22:49 ovzhost sshd[3678]: error: connect_to 52.58.58.221 port 80: failed.
Dec  1 04:22:51 ovzhost sshd[3655]: error: connect_to 192.168.53.134 port 443: failed.
Dec  1 04:22:53 ovzhost sshd[3679]: error: connect_to 192.168.1.17 port 443: failed.
Dec  1 04:22:54 ovzhost sshd[3679]: error: connect_to 192.168.1.17 port 443: failed.
Dec  1 04:22:55 ovzhost sshd[3679]: error: connect_to 192.168.1.17 port 443: failed.
Dec  1 04:23:00 ovzhost sshd[3693]: reverse mapping checking getaddrinfo for slarin.trade [63.141.246.226] failed - POSSIBLE BREAK-IN ATTEMPT!
Dec  1 04:23:00 ovzhost sshd[3693]: Accepted password for admin from 63.141.246.226 port 51771 ssh2
Dec  1 04:23:00 ovzhost sshd[3693]: pam_unix(sshd:session): session opened for user admin by (uid=0)
Dec  1 04:23:00 ovzhost sshd[3696]: Received disconnect from 63.141.246.226: 0: 
Dec  1 04:23:00 ovzhost sshd[3693]: pam_unix(sshd:session): session closed for user admin
Dec  1 04:23:01 ovzhost sshd[3655]: error: connect_to 192.168.53.134 port 443: failed.
Dec  1 04:23:03 ovzhost sshd[3679]: error: connect_to 192.168.1.17 port 443: failed.
Dec  1 04:23:04 ovzhost snoopy[3697]: [uid:0 sid:3697 tty: cwd:/ filename:/usr/sbin/sshd]: /usr/sbin/sshd -R 
Dec  1 04:23:05 ovzhost sshd[3679]: error: connect_to 192.168.1.17 port 443: failed.
Dec  1 04:23:05 ovzhost sshd[3697]: Accepted password for admin from 204.12.195.237 port 61568 ssh2
Dec  1 04:23:05 ovzhost sshd[3697]: pam_unix(sshd:session): session opened for user admin by (uid=0)
Dec  1 04:23:06 ovzhost sshd[3679]: error: connect_to 192.168.1.17 port 443: failed.
Dec  1 04:23:11 ovzhost sshd[3655]: error: connect_to 192.168.53.134 port 443: failed.
Dec  1 04:23:13 ovzhost sshd[3679]: error: connect_to 192.168.1.17 port 443: failed.
Dec  1 04:23:15 ovzhost sshd[3679]: error: connect_to 192.168.1.17 port 443: failed.
Dec  1 04:23:16 ovzhost sshd[3679]: error: connect_to 192.168.1.17 port 443: failed.
Dec  1 04:23:21 ovzhost sshd[3655]: error: connect_to 192.168.53.134 port 443: failed.
Dec  1 04:23:23 ovzhost sshd[3679]: error: connect_to 192.168.241.62 port 443: failed.
Dec  1 04:23:25 ovzhost sshd[3679]: error: connect_to 192.168.241.62 port 443: failed.
Dec  1 04:23:31 ovzhost sshd[3655]: error: connect_to 192.168.53.134 port 443: failed.
Dec  1 04:23:32 ovzhost sshd[3699]: Received disconnect from 204.12.195.237: 11: Connection terminated by the client.
Dec  1 04:23:32 ovzhost sshd[3697]: pam_unix(sshd:session): session closed for user admin
Dec  1 04:23:36 ovzhost sshd[3676]: pam_unix(sshd:session): session closed for user admin
Dec  1 04:23:41 ovzhost sshd[3655]: error: connect_to 192.168.53.134 port 443: failed.
Dec  1 04:23:44 ovzhost sshd[3687]: error: connect_to t.appsflyer.com: unknown host (Name or service not known)
Dec  1 04:23:50 ovzhost sshd[3673]: pam_unix(sshd:session): session closed for user admin
Dec  1 04:23:52 ovzhost sshd[3655]: error: connect_to 192.168.53.134 port 443: failed.
Dec  1 04:24:01 ovzhost snoopy[3700]: [uid:0 sid:3700 tty: cwd:/ filename:/usr/sbin/sshd]: /usr/sbin/sshd -R 
Dec  1 04:24:02 ovzhost sshd[3655]: error: connect_to 192.168.53.134 port 443: failed.
Dec  1 04:24:08 ovzhost sshd[3700]: Address 113.178.26.61 maps to static.vnpt.vn, but this does not map back to the address - POSSIBLE BREAK-IN ATTEMPT!
Dec  1 04:24:08 ovzhost sshd[3700]: Accepted password for admin from 113.178.26.61 port 63792 ssh2
Dec  1 04:24:08 ovzhost sshd[3700]: pam_unix(sshd:session): session opened for user admin by (uid=0)
Dec  1 04:24:09 ovzhost sshd[3687]: error: connect_to manifest.localytics.com: unknown host (Name or service not known)
Dec  1 04:24:10 ovzhost sshd[3702]: Received disconnect from 113.178.26.61: 0: 
Dec  1 04:24:10 ovzhost sshd[3700]: pam_unix(sshd:session): session closed for user admin
Dec  1 04:24:12 ovzhost sshd[3655]: error: connect_to 192.168.53.134 port 443: failed.
Dec  1 04:24:15 ovzhost sshd[3655]: error: connect_to 192.168.53.134 port 443: failed.
Dec  1 04:24:23 ovzhost sshd[3655]: error: connect_to 192.168.53.134 port 443: failed.
Dec  1 04:24:24 ovzhost sshd[3690]: error: connect_to search.itunes.apple.com: unknown host (Name or service not known)
Dec  1 04:24:26 ovzhost sshd[3655]: error: connect_to 192.168.53.134 port 443: failed.
Dec  1 04:24:30 ovzhost sshd[3687]: error: connect_to analytics.localytics.com: unknown host (Name or service not known)
Dec  1 04:24:33 ovzhost sshd[3655]: error: connect_to 192.168.53.134 port 443: failed.
Dec  1 04:24:36 ovzhost sshd[3655]: error: connect_to 192.168.53.134 port 443: failed.
Dec  1 04:24:44 ovzhost sshd[3655]: error: connect_to 192.168.53.134 port 443: failed.
Dec  1 04:24:47 ovzhost sshd[3655]: error: connect_to 192.168.53.134 port 443: failed.
Dec  1 04:24:50 ovzhost sshd[3687]: fatal: Write failed: Connection reset by peer
Dec  1 04:24:50 ovzhost sshd[3685]: pam_unix(sshd:session): session closed for user admin
Dec  1 04:24:54 ovzhost sshd[3655]: error: connect_to 192.168.53.134 port 443: failed.
Dec  1 04:24:57 ovzhost snoopy[3703]: [uid:0 sid:3703 tty: cwd:/ filename:/usr/sbin/sshd]: /usr/sbin/sshd -R 
Dec  1 04:24:57 ovzhost sshd[3655]: error: connect_to 192.168.53.134 port 443: failed.
Dec  1 04:24:59 ovzhost sshd[3703]: Accepted password for admin from 116.103.48.217 port 59810 ssh2
Dec  1 04:24:59 ovzhost sshd[3703]: pam_unix(sshd:session): session opened for user admin by (uid=0)
Dec  1 04:25:02 ovzhost sshd[3705]: Received disconnect from 116.103.48.217: 0: 
Dec  1 04:25:02 ovzhost sshd[3703]: pam_unix(sshd:session): session closed for user admin
Dec  1 04:25:05 ovzhost sshd[3655]: error: connect_to 192.168.53.134 port 443: failed.
Dec  1 04:25:08 ovzhost sshd[3655]: error: connect_to 192.168.53.134 port 443: failed.
Dec  1 04:25:09 ovzhost snoopy[3706]: [uid:0 sid:3706 tty: cwd:/ filename:/usr/sbin/sshd]: /usr/sbin/sshd -R 
Dec  1 04:25:11 ovzhost sshd[3706]: Accepted password for admin from 1.52.239.177 port 61695 ssh2
Dec  1 04:25:11 ovzhost sshd[3706]: pam_unix(sshd:session): session opened for user admin by (uid=0)
Dec  1 04:25:12 ovzhost sshd[3708]: Received disconnect from 1.52.239.177: 11: Connection terminated by the client.
Dec  1 04:25:12 ovzhost sshd[3706]: pam_unix(sshd:session): session closed for user admin
Dec  1 04:25:12 ovzhost snoopy[3709]: [uid:0 sid:3709 tty: cwd:/ filename:/usr/sbin/sshd]: /usr/sbin/sshd -R 
Dec  1 04:25:13 ovzhost sshd[3709]: Accepted password for admin from 117.4.240.160 port 50863 ssh2
Dec  1 04:25:13 ovzhost sshd[3709]: pam_unix(sshd:session): session opened for user admin by (uid=0)
Dec  1 04:25:14 ovzhost snoopy[3712]: [uid:0 sid:3712 tty: cwd:/ filename:/usr/sbin/sshd]: /usr/sbin/sshd -R 
Dec  1 04:25:15 ovzhost snoopy[3714]: [uid:0 sid:3714 tty: cwd:/ filename:/usr/sbin/sshd]: /usr/sbin/sshd -R 
Dec  1 04:25:16 ovzhost sshd[3655]: error: connect_to 192.168.53.134 port 443: failed.
Dec  1 04:25:16 ovzhost sshd[3714]: Accepted password for admin from 116.111.120.73 port 52064 ssh2
Dec  1 04:25:16 ovzhost sshd[3714]: pam_unix(sshd:session): session opened for user admin by (uid=0)
Dec  1 04:25:18 ovzhost sshd[3655]: error: connect_to 192.168.53.134 port 443: failed.
Dec  1 04:25:21 ovzhost sshd[3712]: Accepted password for admin from 116.103.48.217 port 59553 ssh2
Dec  1 04:25:21 ovzhost sshd[3712]: pam_unix(sshd:session): session opened for user admin by (uid=0)
Dec  1 04:25:26 ovzhost sshd[3655]: error: connect_to 192.168.53.134 port 443: failed.
Dec  1 04:25:27 ovzhost sshd[3717]: Received disconnect from 116.103.48.217: 0: 
Dec  1 04:25:27 ovzhost sshd[3712]: pam_unix(sshd:session): session closed for user admin
Dec  1 04:25:29 ovzhost sshd[3655]: error: connect_to 192.168.53.134 port 443: failed.
Dec  1 04:25:29 ovzhost sshd[3709]: pam_unix(sshd:session): session closed for user admin
Dec  1 04:25:30 ovzhost sshd[3690]: fatal: Write failed: Broken pipe
Dec  1 04:25:30 ovzhost sshd[3688]: pam_unix(sshd:session): session closed for user admin
Dec  1 04:25:36 ovzhost sshd[3655]: error: connect_to 192.168.53.134 port 443: failed.
Dec  1 04:25:39 ovzhost sshd[3655]: error: connect_to 192.168.53.134 port 443: failed.
Dec  1 04:25:47 ovzhost sshd[3655]: error: connect_to 192.168.53.134 port 443: failed.
Dec  1 04:25:48 ovzhost snoopy[3718]: [uid:0 sid:3718 tty: cwd:/ filename:/usr/sbin/sshd]: /usr/sbin/sshd -R 
Dec  1 04:25:50 ovzhost sshd[3655]: error: connect_to 192.168.53.134 port 443: failed.
Dec  1 04:25:53 ovzhost sshd[3718]: Accepted password for admin from 18.220.209.8 port 57182 ssh2
Dec  1 04:25:53 ovzhost sshd[3718]: pam_unix(sshd:session): session opened for user admin by (uid=0)
Dec  1 04:25:53 ovzhost sshd[3720]: Received disconnect from 18.220.209.8: 0: 
Dec  1 04:25:53 ovzhost sshd[3718]: pam_unix(sshd:session): session closed for user admin
Dec  1 04:25:57 ovzhost sshd[3655]: error: connect_to 192.168.53.134 port 443: failed.
Dec  1 04:26:00 ovzhost sshd[3655]: error: connect_to 192.168.53.134 port 443: failed.
Dec  1 04:26:07 ovzhost sshd[3655]: error: connect_to 192.168.53.134 port 443: failed.
Dec  1 04:26:11 ovzhost sshd[3655]: error: connect_to 192.168.53.134 port 443: failed.
Dec  1 04:26:18 ovzhost sshd[3655]: error: connect_to 192.168.53.134 port 443: failed.
Dec  1 04:26:26 ovzhost snoopy[3721]: [uid:0 sid:3721 tty: cwd:/ filename:/usr/sbin/sshd]: /usr/sbin/sshd -R 
Dec  1 04:26:28 ovzhost sshd[3721]: Accepted password for admin from 116.103.48.217 port 47617 ssh2
Dec  1 04:26:28 ovzhost sshd[3721]: pam_unix(sshd:session): session opened for user admin by (uid=0)
Dec  1 04:26:28 ovzhost sshd[3723]: Received disconnect from 116.103.48.217: 11: Connection terminated by the client.
Dec  1 04:26:28 ovzhost sshd[3721]: pam_unix(sshd:session): session closed for user admin
Dec  1 04:26:28 ovzhost sshd[3655]: error: connect_to 192.168.53.134 port 443: failed.
Dec  1 04:26:39 ovzhost sshd[3655]: error: connect_to 192.168.53.134 port 443: failed.
Dec  1 04:26:49 ovzhost sshd[3655]: error: connect_to 192.168.53.134 port 443: failed.
Dec  1 04:27:00 ovzhost snoopy[3724]: [uid:0 sid:3724 tty: cwd:/ filename:/usr/sbin/sshd]: /usr/sbin/sshd -R 
Dec  1 04:27:00 ovzhost sshd[3655]: error: connect_to 192.168.53.134 port 443: failed.
Dec  1 04:27:06 ovzhost sshd[3724]: Address 14.226.91.39 maps to static.vnpt.vn, but this does not map back to the address - POSSIBLE BREAK-IN ATTEMPT!
Dec  1 04:27:06 ovzhost sshd[3724]: Accepted password for admin from 14.226.91.39 port 5068 ssh2
Dec  1 04:27:06 ovzhost sshd[3724]: pam_unix(sshd:session): session opened for user admin by (uid=0)
Dec  1 04:27:10 ovzhost snoopy[3727]: [uid:0 sid:3727 tty: cwd:/ filename:/usr/sbin/sshd]: /usr/sbin/sshd -R 
Dec  1 04:27:10 ovzhost sshd[3655]: error: connect_to 192.168.53.134 port 443: failed.
Dec  1 04:27:11 ovzhost sshd[3727]: Accepted password for admin from 117.6.59.40 port 65060 ssh2
Dec  1 04:27:11 ovzhost sshd[3727]: pam_unix(sshd:session): session opened for user admin by (uid=0)
Dec  1 04:27:14 ovzhost sshd[3726]: Received disconnect from 14.226.91.39: 0: 
Dec  1 04:27:14 ovzhost sshd[3724]: pam_unix(sshd:session): session closed for user admin
Dec  1 04:27:19 ovzhost sshd[3716]: fatal: Write failed: Connection reset by peer
Dec  1 04:27:19 ovzhost sshd[3714]: pam_unix(sshd:session): session closed for user admin
Dec  1 04:27:21 ovzhost sshd[3655]: error: connect_to 192.168.53.134 port 443: failed.
Dec  1 04:27:31 ovzhost sshd[3655]: error: connect_to 192.168.53.134 port 443: failed.
Dec  1 04:27:31 ovzhost snoopy[3730]: [uid:0 sid:3730 tty: cwd:/ filename:/usr/sbin/sshd]: /usr/sbin/sshd -R 
Dec  1 04:27:34 ovzhost sshd[3730]: Address 14.226.91.39 maps to static.vnpt.vn, but this does not map back to the address - POSSIBLE BREAK-IN ATTEMPT!
Dec  1 04:27:34 ovzhost sshd[3730]: Accepted password for admin from 14.226.91.39 port 20803 ssh2
Dec  1 04:27:34 ovzhost sshd[3730]: pam_unix(sshd:session): session opened for user admin by (uid=0)
Dec  1 04:27:42 ovzhost sshd[3655]: error: connect_to 192.168.53.134 port 443: failed.
Dec  1 04:27:47 ovzhost snoopy[3733]: [uid:0 sid:3733 tty: cwd:/ filename:/usr/sbin/sshd]: /usr/sbin/sshd -R 
Dec  1 04:27:52 ovzhost sshd[3655]: error: connect_to 192.168.53.134 port 443: failed.
Dec  1 04:27:54 ovzhost sshd[3730]: pam_unix(sshd:session): session closed for user admin
Dec  1 04:27:57 ovzhost sshd[3733]: Accepted password for admin from 204.12.195.237 port 52026 ssh2
Dec  1 04:27:57 ovzhost sshd[3733]: pam_unix(sshd:session): session opened for user admin by (uid=0)
Dec  1 04:28:03 ovzhost sshd[3655]: error: connect_to 192.168.53.134 port 443: failed.
Dec  1 04:28:10 ovzhost snoopy[3736]: [uid:0 sid:3736 tty: cwd:/ filename:/usr/sbin/sshd]: /usr/sbin/sshd -R 
Dec  1 04:28:13 ovzhost sshd[3655]: error: connect_to 192.168.53.134 port 443: failed.
Dec  1 04:28:14 ovzhost sshd[3736]: Accepted password for admin from 116.100.112.241 port 57603 ssh2
Dec  1 04:28:14 ovzhost sshd[3736]: pam_unix(sshd:session): session opened for user admin by (uid=0)
Dec  1 04:28:16 ovzhost sshd[3738]: Received disconnect from 116.100.112.241: 0: 
Dec  1 04:28:16 ovzhost sshd[3736]: pam_unix(sshd:session): session closed for user admin
Dec  1 04:28:24 ovzhost sshd[3655]: error: connect_to 192.168.53.134 port 443: failed.
Dec  1 04:28:25 ovzhost snoopy[3739]: [uid:0 sid:3739 tty: cwd:/ filename:/usr/sbin/sshd]: /usr/sbin/sshd -R 
Dec  1 04:28:26 ovzhost sshd[3739]: Accepted password for admin from 193.201.224.206 port 44952 ssh2
Dec  1 04:28:26 ovzhost sshd[3739]: pam_unix(sshd:session): session opened for user admin by (uid=0)
Dec  1 04:28:27 ovzhost sshd[3741]: error: connect to 2a00:1450:4001:816::200e port 80 failed: Network is unreachable
Dec  1 04:28:28 ovzhost sshd[3741]: error: connect to 2001:4998:44:204::100d port 80 failed: Network is unreachable
Dec  1 04:28:28 ovzhost sshd[3741]: error: connect to 2a02:6b8:a::a port 80 failed: Network is unreachable
Dec  1 04:28:28 ovzhost sshd[3739]: pam_unix(sshd:session): session closed for user admin
Dec  1 04:28:31 ovzhost sshd[3733]: pam_unix(sshd:session): session closed for user admin
Dec  1 04:28:32 ovzhost snoopy[3742]: [uid:0 sid:3742 tty: cwd:/ filename:/usr/sbin/sshd]: /usr/sbin/sshd -R 
Dec  1 04:28:33 ovzhost sshd[3742]: Accepted password for admin from 116.103.48.217 port 58113 ssh2
Dec  1 04:28:33 ovzhost sshd[3742]: pam_unix(sshd:session): session opened for user admin by (uid=0)
Dec  1 04:28:34 ovzhost sshd[3655]: error: connect_to 192.168.53.134 port 443: failed.
Dec  1 04:28:38 ovzhost snoopy[3745]: [uid:0 sid:3745 tty: cwd:/ filename:/usr/sbin/sshd]: /usr/sbin/sshd -R 
Dec  1 04:28:40 ovzhost sshd[3745]: Accepted password for admin from 116.103.48.217 port 2562 ssh2
Dec  1 04:28:40 ovzhost sshd[3745]: pam_unix(sshd:session): session opened for user admin by (uid=0)
Dec  1 04:28:40 ovzhost sshd[3747]: Received disconnect from 116.103.48.217: 11: Connection terminated by the client.
Dec  1 04:28:40 ovzhost sshd[3745]: pam_unix(sshd:session): session closed for user admin
Dec  1 04:28:45 ovzhost sshd[3655]: error: connect_to 192.168.53.134 port 443: failed.
Dec  1 04:28:54 ovzhost sshd[1576]: error: connect_to www.creditonebank.com: unknown host (Name or service not known)
Dec  1 04:28:54 ovzhost sshd[1576]: error: connect_to www.creditonebank.com port 443: failed.
Dec  1 04:28:54 ovzhost sshd[1576]: error: connect_to www.creditonebank.com port 443: failed.
Dec  1 04:28:55 ovzhost sshd[3655]: error: connect_to 192.168.53.134 port 443: failed.
Dec  1 04:29:06 ovzhost sshd[3655]: error: connect_to 192.168.53.134 port 443: failed.
Dec  1 04:29:16 ovzhost sshd[3655]: error: connect_to 192.168.53.134 port 443: failed.
Dec  1 04:29:19 ovzhost snoopy[3748]: [uid:0 sid:3748 tty: cwd:/ filename:/usr/sbin/sshd]: /usr/sbin/sshd -R 
Dec  1 04:29:22 ovzhost sshd[3748]: Address 27.76.184.10 maps to localhost, but this does not map back to the address - POSSIBLE BREAK-IN ATTEMPT!
Dec  1 04:29:23 ovzhost sshd[3748]: Accepted password for admin from 27.76.184.10 port 58328 ssh2
Dec  1 04:29:23 ovzhost sshd[3748]: pam_unix(sshd:session): session opened for user admin by (uid=0)
Dec  1 04:29:27 ovzhost sshd[3655]: error: connect_to 192.168.53.134 port 443: failed.
Dec  1 04:29:29 ovzhost snoopy[3751]: [uid:0 sid:3751 tty: cwd:/ filename:/usr/sbin/sshd]: /usr/sbin/sshd -R 
Dec  1 04:29:37 ovzhost sshd[3655]: error: connect_to 192.168.53.134 port 443: failed.
Dec  1 04:29:40 ovzhost sshd[3751]: Accepted password for admin from 117.6.50.182 port 64208 ssh2
Dec  1 04:29:40 ovzhost sshd[3751]: pam_unix(sshd:session): session opened for user admin by (uid=0)
Dec  1 04:29:48 ovzhost sshd[3655]: error: connect_to 192.168.53.134 port 443: failed.
Dec  1 04:29:49 ovzhost sshd[3753]: error: connect_to 127.0.0.1 port 2861: failed.
Dec  1 04:29:49 ovzhost sshd[3753]: error: connect_to 127.0.0.1 port 2871: failed.
Dec  1 04:29:49 ovzhost sshd[3753]: error: connect_to 127.0.0.1 port 2861: failed.
Dec  1 04:29:49 ovzhost sshd[3753]: error: connect_to 127.0.0.1 port 2871: failed.
Dec  1 04:29:49 ovzhost sshd[3753]: error: connect_to 127.0.0.1 port 2871: failed.
Dec  1 04:29:49 ovzhost sshd[1576]: error: connect_to www.creditonebank.com: unknown host (Name or service not known)
Dec  1 04:29:49 ovzhost sshd[3753]: error: connect_to 127.0.0.1 port 2871: failed.
Dec  1 04:29:50 ovzhost sshd[3727]: pam_unix(sshd:session): session closed for user admin
Dec  1 04:29:53 ovzhost sshd[3748]: pam_unix(sshd:session): session closed for user admin
Dec  1 04:29:58 ovzhost sshd[3655]: error: connect_to 192.168.53.134 port 443: failed.
Dec  1 04:30:00 ovzhost sshd[3753]: error: connect_to 127.0.0.1 port 2861: failed.
Dec  1 04:30:00 ovzhost sshd[3753]: error: connect_to 127.0.0.1 port 2861: failed.
Dec  1 04:30:00 ovzhost sshd[3753]: error: connect_to 127.0.0.1 port 2861: failed.
Dec  1 04:30:01 ovzhost sshd[3753]: error: connect_to 127.0.0.1 port 2871: failed.
Dec  1 04:30:01 ovzhost sshd[3753]: error: connect_to 127.0.0.1 port 2861: failed.
Dec  1 04:30:01 ovzhost sshd[3753]: error: connect_to 127.0.0.1 port 2871: failed.
Dec  1 04:30:01 ovzhost sshd[3753]: error: connect_to 127.0.0.1 port 2871: failed.
Dec  1 04:30:06 ovzhost sshd[3753]: error: connect_to 127.0.0.1 port 2861: failed.
Dec  1 04:30:06 ovzhost sshd[3753]: error: connect_to 127.0.0.1 port 2871: failed.
Dec  1 04:30:06 ovzhost sshd[3753]: error: connect_to 127.0.0.1 port 2871: failed.
Dec  1 04:30:09 ovzhost sshd[3655]: error: connect_to 192.168.53.134 port 443: failed.
Dec  1 04:30:19 ovzhost sshd[3655]: error: connect_to 192.168.53.134 port 443: failed.
Dec  1 04:30:25 ovzhost sshd[3744]: error: connect_to app.appsflyer.com: unknown host (Name or service not known)
Dec  1 04:30:25 ovzhost sshd[3744]: fatal: Write failed: Connection reset by peer
Dec  1 04:30:25 ovzhost sshd[3742]: pam_unix(sshd:session): session closed for user admin
Dec  1 04:30:30 ovzhost sshd[3655]: error: connect_to 192.168.53.134 port 443: failed.
Dec  1 04:30:30 ovzhost sshd[1576]: error: connect_to www.creditonebank.com: unknown host (Name or service not known)
Dec  1 04:30:30 ovzhost sshd[1576]: error: connect_to www.creditonebank.com port 443: failed.
Dec  1 04:30:30 ovzhost sshd[1576]: error: connect_to www.creditonebank.com port 443: failed.
Dec  1 04:30:31 ovzhost sshd[3655]: error: connect_to 127.0.0.1 port 1970: failed.
Dec  1 04:30:31 ovzhost sshd[3655]: error: connect_to ::1 port 5037: failed.
Dec  1 04:30:33 ovzhost sshd[3655]: error: connect_to ::1 port 5037: failed.
Dec  1 04:30:34 ovzhost sshd[3655]: error: connect_to 127.0.0.1 port 5037: failed.
Dec  1 04:30:35 ovzhost sshd[3655]: error: connect_to 127.0.0.1 port 5037: failed.
Dec  1 04:30:40 ovzhost sshd[3655]: error: connect_to 192.168.53.134 port 443: failed.
Dec  1 04:30:41 ovzhost sshd[1576]: error: connect_to www.creditonebank.com port 443: failed.
Dec  1 04:30:51 ovzhost sshd[3655]: error: connect_to 192.168.53.134 port 443: failed.
Dec  1 04:30:56 ovzhost sshd[3655]: error: connect_to 127.0.0.1 port 1970: failed.
Dec  1 04:30:56 ovzhost sshd[3655]: error: connect_to ::1 port 5037: failed.
Dec  1 04:30:58 ovzhost sshd[3655]: error: connect_to ::1 port 5037: failed.
Dec  1 04:30:58 ovzhost sshd[3753]: error: connect_to 127.0.0.1 port 2861: failed.
Dec  1 04:30:59 ovzhost sshd[3753]: error: connect_to 127.0.0.1 port 2871: failed.
Dec  1 04:30:59 ovzhost sshd[3753]: error: connect_to 127.0.0.1 port 2861: failed.
Dec  1 04:30:59 ovzhost sshd[3655]: error: connect_to 127.0.0.1 port 5037: failed.
Dec  1 04:31:00 ovzhost sshd[3655]: error: connect_to 127.0.0.1 port 5037: failed.
Dec  1 04:31:01 ovzhost sshd[3655]: error: connect_to 192.168.53.134 port 443: failed.
Dec  1 04:31:04 ovzhost snoopy[3754]: [uid:0 sid:3754 tty: cwd:/ filename:/usr/sbin/sshd]: /usr/sbin/sshd -R 
Dec  1 04:31:04 ovzhost sshd[3754]: Accepted password for admin from 204.12.195.237 port 51774 ssh2
Dec  1 04:31:04 ovzhost sshd[3754]: pam_unix(sshd:session): session opened for user admin by (uid=0)
Dec  1 04:31:05 ovzhost snoopy[3757]: [uid:0 sid:3757 tty: cwd:/ filename:/usr/sbin/sshd]: /usr/sbin/sshd -R 
Dec  1 04:31:07 ovzhost sshd[1576]: error: connect_to www.creditonebank.com: unknown host (Name or service not known)
Dec  1 04:31:11 ovzhost sshd[3757]: reverse mapping checking getaddrinfo for 163-172-73-111.rev.poneytelecom.eu [163.172.73.111] failed - POSSIBLE BREAK-IN ATTEMPT!
Dec  1 04:31:11 ovzhost sshd[3757]: Accepted password for admin from 163.172.73.111 port 54699 ssh2
Dec  1 04:31:11 ovzhost sshd[3757]: pam_unix(sshd:session): session opened for user admin by (uid=0)
Dec  1 04:31:11 ovzhost sshd[3655]: error: connect_to 192.168.53.134 port 443: failed.
Dec  1 04:31:20 ovzhost sshd[2900]: pam_unix(sshd:session): session closed for user admin
Dec  1 04:31:20 ovzhost sshd[2632]: pam_unix(sshd:session): session closed for user admin
Dec  1 04:31:20 ovzhost sshd[3129]: pam_unix(sshd:session): session closed for user admin
Dec  1 04:31:20 ovzhost sshd[2342]: pam_unix(sshd:session): session closed for user admin
Dec  1 04:31:25 ovzhost sshd[3756]: Received disconnect from 204.12.195.237: 11: Connection terminated by the client.
Dec  1 04:31:25 ovzhost sshd[3754]: pam_unix(sshd:session): session closed for user admin
Dec  1 04:31:41 ovzhost sshd[3403]: pam_unix(sshd:session): session closed for user admin
Dec  1 04:32:06 ovzhost sshd[1576]: error: connect_to www.creditonebank.com: unknown host (Name or service not known)
Dec  1 04:32:06 ovzhost sshd[1576]: error: connect_to www.creditonebank.com port 443: failed.
Dec  1 04:32:07 ovzhost snoopy[3760]: [uid:0 sid:3760 tty: cwd:/ filename:/usr/sbin/sshd]: /usr/sbin/sshd -R 
Dec  1 04:32:08 ovzhost sshd[3599]: pam_unix(sshd:session): session closed for user admin
Dec  1 04:32:08 ovzhost sshd[3760]: Address 117.2.211.180 maps to localhost, but this does not map back to the address - POSSIBLE BREAK-IN ATTEMPT!
Dec  1 04:32:08 ovzhost sshd[3760]: Accepted password for admin from 117.2.211.180 port 49916 ssh2
Dec  1 04:32:08 ovzhost sshd[3760]: pam_unix(sshd:session): session opened for user admin by (uid=0)
Dec  1 04:32:15 ovzhost snoopy[3763]: [uid:0 sid:3763 tty: cwd:/ filename:/usr/sbin/sshd]: /usr/sbin/sshd -R 
Dec  1 04:32:15 ovzhost sshd[3763]: reverse mapping checking getaddrinfo for bulldozer.w3spaces.net [173.242.113.145] failed - POSSIBLE BREAK-IN ATTEMPT!
Dec  1 04:32:15 ovzhost sshd[3763]: Accepted password for admin from 173.242.113.145 port 52194 ssh2
Dec  1 04:32:15 ovzhost sshd[3763]: pam_unix(sshd:session): session opened for user admin by (uid=0)
Dec  1 04:32:24 ovzhost sshd[3757]: pam_unix(sshd:session): session closed for user admin
Dec  1 04:32:32 ovzhost sshd[3655]: error: connect_to 192.168.1.17 port 443: failed.
Dec  1 04:32:33 ovzhost snoopy[3766]: [uid:0 sid:3766 tty: cwd:/ filename:/usr/sbin/sshd]: /usr/sbin/sshd -R 
Dec  1 04:32:35 ovzhost sshd[3766]: Accepted password for admin from 42.112.154.179 port 26066 ssh2
Dec  1 04:32:35 ovzhost sshd[3766]: fatal: Write failed: Connection reset by peer [preauth]
Dec  1 04:32:36 ovzhost sshd[3606]: pam_unix(sshd:session): session closed for user admin
Dec  1 04:32:37 ovzhost sshd[3655]: error: connect_to 192.168.1.17 port 443: failed.
Dec  1 04:32:42 ovzhost sshd[3655]: error: connect_to 192.168.1.17 port 443: failed.
Dec  1 04:32:44 ovzhost sshd[1576]: error: connect_to www.creditonebank.com: unknown host (Name or service not known)
Dec  1 04:32:44 ovzhost sshd[3603]: pam_unix(sshd:session): session closed for user admin
Dec  1 04:32:47 ovzhost sshd[3655]: error: connect_to 172.217.22.138 port 443: failed.
Dec  1 04:32:48 ovzhost sshd[3655]: error: connect_to 192.168.1.17 port 443: failed.
Dec  1 04:32:52 ovzhost sshd[3655]: error: connect_to 192.168.1.17 port 443: failed.
Dec  1 04:32:58 ovzhost sshd[3655]: error: connect_to 192.168.1.17 port 443: failed.
Dec  1 04:32:58 ovzhost snoopy[3768]: [uid:0 sid:3768 tty: cwd:/ filename:/usr/sbin/sshd]: /usr/sbin/sshd -R 
Dec  1 04:33:02 ovzhost sshd[3655]: error: connect_to 192.168.1.17 port 443: failed.
Dec  1 04:33:03 ovzhost sshd[3768]: reverse mapping checking getaddrinfo for bulldozer.w3spaces.net [173.242.113.150] failed - POSSIBLE BREAK-IN ATTEMPT!
Dec  1 04:33:03 ovzhost sshd[3768]: Accepted password for admin from 173.242.113.150 port 57850 ssh2
Dec  1 04:33:03 ovzhost sshd[3768]: pam_unix(sshd:session): session opened for user admin by (uid=0)
Dec  1 04:33:08 ovzhost sshd[3655]: error: connect_to 192.168.1.17 port 443: failed.
Dec  1 04:33:10 ovzhost snoopy[3771]: [uid:0 sid:3771 tty: cwd:/ filename:/usr/sbin/sshd]: /usr/sbin/sshd -R 
Dec  1 04:33:12 ovzhost sshd[3771]: Address 113.186.222.104 maps to static.vnpt.vn, but this does not map back to the address - POSSIBLE BREAK-IN ATTEMPT!
Dec  1 04:33:12 ovzhost sshd[3771]: Accepted password for admin from 113.186.222.104 port 55721 ssh2
Dec  1 04:33:12 ovzhost sshd[3771]: pam_unix(sshd:session): session opened for user admin by (uid=0)
Dec  1 04:33:13 ovzhost sshd[3655]: error: connect_to 192.168.1.17 port 443: failed.
Dec  1 04:33:16 ovzhost sshd[3751]: pam_unix(sshd:session): session closed for user admin
